TimeQuest Timing Analyzer report for cont_4
Fri Nov 22 00:13:38 2024
Quartus II 64-Bit Version 13.0.1 Build 232 06/12/2013 Service Pack 1 SJ Web Edition


---------------------
; Table of Contents ;
---------------------
  1. Legal Notice
  2. TimeQuest Timing Analyzer Summary
  3. Parallel Compilation
  4. Clocks
  5. Slow Model Fmax Summary
  6. Slow Model Setup Summary
  7. Slow Model Hold Summary
  8. Slow Model Recovery Summary
  9. Slow Model Removal Summary
 10. Slow Model Minimum Pulse Width Summary
 11. Slow Model Minimum Pulse Width: 'CLK'
 12. Setup Times
 13. Hold Times
 14. Clock to Output Times
 15. Minimum Clock to Output Times
 16. Fast Model Setup Summary
 17. Fast Model Hold Summary
 18. Fast Model Recovery Summary
 19. Fast Model Removal Summary
 20. Fast Model Minimum Pulse Width Summary
 21. Fast Model Minimum Pulse Width: 'CLK'
 22. Setup Times
 23. Hold Times
 24. Clock to Output Times
 25. Minimum Clock to Output Times
 26. Multicorner Timing Analysis Summary
 27. Setup Times
 28. Hold Times
 29. Clock to Output Times
 30. Minimum Clock to Output Times
 31. Clock Transfers
 32. Report TCCS
 33. Report RSKM
 34. Unconstrained Paths
 35. TimeQuest Timing Analyzer Messages



----------------
; Legal Notice ;
----------------
Copyright (C) 1991-2013 Altera Corporation
Your use of Altera Corporation's design tools, logic functions 
and other software and tools, and its AMPP partner logic 
functions, and any output files from any of the foregoing 
(including device programming or simulation files), and any 
associated documentation or information are expressly subject 
to the terms and conditions of the Altera Program License 
Subscription Agreement, Altera MegaCore Function License 
Agreement, or other applicable license agreement, including, 
without limitation, that your use is for the sole purpose of 
programming logic devices manufactured by Altera and sold by 
Altera or its authorized distributors.  Please refer to the 
applicable agreement for further details.



+----------------------------------------------------------------------------------------+
; TimeQuest Timing Analyzer Summary                                                      ;
+--------------------+-------------------------------------------------------------------+
; Quartus II Version ; Version 13.0.1 Build 232 06/12/2013 Service Pack 1 SJ Web Edition ;
; Revision Name      ; cont_4                                                            ;
; Device Family      ; Cyclone II                                                        ;
; Device Name        ; EP2C35F672C6                                                      ;
; Timing Models      ; Final                                                             ;
; Delay Model        ; Combined                                                          ;
; Rise/Fall Delays   ; Unavailable                                                       ;
+--------------------+-------------------------------------------------------------------+


Parallel compilation was disabled, but you have multiple processors available. Enable parallel compilation to reduce compilation time.
+-------------------------------------+
; Parallel Compilation                ;
+----------------------------+--------+
; Processors                 ; Number ;
+----------------------------+--------+
; Number detected on machine ; 12     ;
; Maximum allowed            ; 1      ;
+----------------------------+--------+


+---------------------------------------------------------------------------------------------------------------------------------------------------------------------------------+
; Clocks                                                                                                                                                                          ;
+------------+------+--------+------------+-------+-------+------------+-----------+-------------+-------+--------+-----------+------------+----------+--------+--------+---------+
; Clock Name ; Type ; Period ; Frequency  ; Rise  ; Fall  ; Duty Cycle ; Divide by ; Multiply by ; Phase ; Offset ; Edge List ; Edge Shift ; Inverted ; Master ; Source ; Targets ;
+------------+------+--------+------------+-------+-------+------------+-----------+-------------+-------+--------+-----------+------------+----------+--------+--------+---------+
; CLK        ; Base ; 1.000  ; 1000.0 MHz ; 0.000 ; 0.500 ;            ;           ;             ;       ;        ;           ;            ;          ;        ;        ; { CLK } ;
+------------+------+--------+------------+-------+-------+------------+-----------+-------------+-------+--------+-----------+------------+----------+--------+--------+---------+


---------------------------
; Slow Model Fmax Summary ;
---------------------------
No paths to report.


----------------------------
; Slow Model Setup Summary ;
----------------------------
No paths to report.


---------------------------
; Slow Model Hold Summary ;
---------------------------
No paths to report.


-------------------------------
; Slow Model Recovery Summary ;
-------------------------------
No paths to report.


------------------------------
; Slow Model Removal Summary ;
------------------------------
No paths to report.


+----------------------------------------+
; Slow Model Minimum Pulse Width Summary ;
+-------+--------+-----------------------+
; Clock ; Slack  ; End Point TNS         ;
+-------+--------+-----------------------+
; CLK   ; -1.380 ; -16.380               ;
+-------+--------+-----------------------+


+-------------------------------------------------------------------------------------------------------------------------+
; Slow Model Minimum Pulse Width: 'CLK'                                                                                   ;
+--------+--------------+----------------+------------------+-------+------------+----------------------------------------+
; Slack  ; Actual Width ; Required Width ; Type             ; Clock ; Clock Edge ; Target                                 ;
+--------+--------------+----------------+------------------+-------+------------+----------------------------------------+
; -1.380 ; 1.000        ; 2.380          ; Port Rate        ; CLK   ; Rise       ; CLK                                    ;
; -0.500 ; 0.500        ; 1.000          ; High Pulse Width ; CLK   ; Rise       ; cont_case_when:DUT_CASE_WHEN|CONT[0]   ;
; -0.500 ; 0.500        ; 1.000          ; Low Pulse Width  ; CLK   ; Rise       ; cont_case_when:DUT_CASE_WHEN|CONT[0]   ;
; -0.500 ; 0.500        ; 1.000          ; High Pulse Width ; CLK   ; Rise       ; cont_case_when:DUT_CASE_WHEN|CONT[1]   ;
; -0.500 ; 0.500        ; 1.000          ; Low Pulse Width  ; CLK   ; Rise       ; cont_case_when:DUT_CASE_WHEN|CONT[1]   ;
; -0.500 ; 0.500        ; 1.000          ; High Pulse Width ; CLK   ; Rise       ; cont_case_when:DUT_CASE_WHEN|CONT[2]   ;
; -0.500 ; 0.500        ; 1.000          ; Low Pulse Width  ; CLK   ; Rise       ; cont_case_when:DUT_CASE_WHEN|CONT[2]   ;
; -0.500 ; 0.500        ; 1.000          ; High Pulse Width ; CLK   ; Rise       ; cont_direct_sum:DUT_DIRECT_SUM|CONT[0] ;
; -0.500 ; 0.500        ; 1.000          ; Low Pulse Width  ; CLK   ; Rise       ; cont_direct_sum:DUT_DIRECT_SUM|CONT[0] ;
; -0.500 ; 0.500        ; 1.000          ; High Pulse Width ; CLK   ; Rise       ; cont_direct_sum:DUT_DIRECT_SUM|CONT[1] ;
; -0.500 ; 0.500        ; 1.000          ; Low Pulse Width  ; CLK   ; Rise       ; cont_direct_sum:DUT_DIRECT_SUM|CONT[1] ;
; -0.500 ; 0.500        ; 1.000          ; High Pulse Width ; CLK   ; Rise       ; cont_direct_sum:DUT_DIRECT_SUM|CONT[2] ;
; -0.500 ; 0.500        ; 1.000          ; Low Pulse Width  ; CLK   ; Rise       ; cont_direct_sum:DUT_DIRECT_SUM|CONT[2] ;
; -0.500 ; 0.500        ; 1.000          ; High Pulse Width ; CLK   ; Rise       ; cont_for:DUT_FOR|CONT[0]               ;
; -0.500 ; 0.500        ; 1.000          ; Low Pulse Width  ; CLK   ; Rise       ; cont_for:DUT_FOR|CONT[0]               ;
; -0.500 ; 0.500        ; 1.000          ; High Pulse Width ; CLK   ; Rise       ; cont_for:DUT_FOR|CONT[1]               ;
; -0.500 ; 0.500        ; 1.000          ; Low Pulse Width  ; CLK   ; Rise       ; cont_for:DUT_FOR|CONT[1]               ;
; -0.500 ; 0.500        ; 1.000          ; High Pulse Width ; CLK   ; Rise       ; cont_for:DUT_FOR|CONT[2]               ;
; -0.500 ; 0.500        ; 1.000          ; Low Pulse Width  ; CLK   ; Rise       ; cont_for:DUT_FOR|CONT[2]               ;
; -0.500 ; 0.500        ; 1.000          ; High Pulse Width ; CLK   ; Rise       ; cont_if_then:DUT_IF_THEN|CONT[0]       ;
; -0.500 ; 0.500        ; 1.000          ; Low Pulse Width  ; CLK   ; Rise       ; cont_if_then:DUT_IF_THEN|CONT[0]       ;
; -0.500 ; 0.500        ; 1.000          ; High Pulse Width ; CLK   ; Rise       ; cont_if_then:DUT_IF_THEN|CONT[1]       ;
; -0.500 ; 0.500        ; 1.000          ; Low Pulse Width  ; CLK   ; Rise       ; cont_if_then:DUT_IF_THEN|CONT[1]       ;
; -0.500 ; 0.500        ; 1.000          ; High Pulse Width ; CLK   ; Rise       ; cont_if_then:DUT_IF_THEN|CONT[2]       ;
; -0.500 ; 0.500        ; 1.000          ; Low Pulse Width  ; CLK   ; Rise       ; cont_if_then:DUT_IF_THEN|CONT[2]       ;
; -0.500 ; 0.500        ; 1.000          ; High Pulse Width ; CLK   ; Rise       ; cont_while:DUT_WHILE|CONT[0]           ;
; -0.500 ; 0.500        ; 1.000          ; Low Pulse Width  ; CLK   ; Rise       ; cont_while:DUT_WHILE|CONT[0]           ;
; -0.500 ; 0.500        ; 1.000          ; High Pulse Width ; CLK   ; Rise       ; cont_while:DUT_WHILE|CONT[1]           ;
; -0.500 ; 0.500        ; 1.000          ; Low Pulse Width  ; CLK   ; Rise       ; cont_while:DUT_WHILE|CONT[1]           ;
; -0.500 ; 0.500        ; 1.000          ; High Pulse Width ; CLK   ; Rise       ; cont_while:DUT_WHILE|CONT[2]           ;
; -0.500 ; 0.500        ; 1.000          ; Low Pulse Width  ; CLK   ; Rise       ; cont_while:DUT_WHILE|CONT[2]           ;
; 0.500  ; 0.500        ; 0.000          ; High Pulse Width ; CLK   ; Rise       ; CLK|combout                            ;
; 0.500  ; 0.500        ; 0.000          ; Low Pulse Width  ; CLK   ; Rise       ; CLK|combout                            ;
; 0.500  ; 0.500        ; 0.000          ; High Pulse Width ; CLK   ; Rise       ; CLK~clkctrl|inclk[0]                   ;
; 0.500  ; 0.500        ; 0.000          ; Low Pulse Width  ; CLK   ; Rise       ; CLK~clkctrl|inclk[0]                   ;
; 0.500  ; 0.500        ; 0.000          ; High Pulse Width ; CLK   ; Rise       ; CLK~clkctrl|outclk                     ;
; 0.500  ; 0.500        ; 0.000          ; Low Pulse Width  ; CLK   ; Rise       ; CLK~clkctrl|outclk                     ;
; 0.500  ; 0.500        ; 0.000          ; High Pulse Width ; CLK   ; Rise       ; DUT_CASE_WHEN|CONT[0]|clk              ;
; 0.500  ; 0.500        ; 0.000          ; Low Pulse Width  ; CLK   ; Rise       ; DUT_CASE_WHEN|CONT[0]|clk              ;
; 0.500  ; 0.500        ; 0.000          ; High Pulse Width ; CLK   ; Rise       ; DUT_CASE_WHEN|CONT[1]|clk              ;
; 0.500  ; 0.500        ; 0.000          ; Low Pulse Width  ; CLK   ; Rise       ; DUT_CASE_WHEN|CONT[1]|clk              ;
; 0.500  ; 0.500        ; 0.000          ; High Pulse Width ; CLK   ; Rise       ; DUT_CASE_WHEN|CONT[2]|clk              ;
; 0.500  ; 0.500        ; 0.000          ; Low Pulse Width  ; CLK   ; Rise       ; DUT_CASE_WHEN|CONT[2]|clk              ;
; 0.500  ; 0.500        ; 0.000          ; High Pulse Width ; CLK   ; Rise       ; DUT_DIRECT_SUM|CONT[0]|clk             ;
; 0.500  ; 0.500        ; 0.000          ; Low Pulse Width  ; CLK   ; Rise       ; DUT_DIRECT_SUM|CONT[0]|clk             ;
; 0.500  ; 0.500        ; 0.000          ; High Pulse Width ; CLK   ; Rise       ; DUT_DIRECT_SUM|CONT[1]|clk             ;
; 0.500  ; 0.500        ; 0.000          ; Low Pulse Width  ; CLK   ; Rise       ; DUT_DIRECT_SUM|CONT[1]|clk             ;
; 0.500  ; 0.500        ; 0.000          ; High Pulse Width ; CLK   ; Rise       ; DUT_DIRECT_SUM|CONT[2]|clk             ;
; 0.500  ; 0.500        ; 0.000          ; Low Pulse Width  ; CLK   ; Rise       ; DUT_DIRECT_SUM|CONT[2]|clk             ;
; 0.500  ; 0.500        ; 0.000          ; High Pulse Width ; CLK   ; Rise       ; DUT_FOR|CONT[0]|clk                    ;
; 0.500  ; 0.500        ; 0.000          ; Low Pulse Width  ; CLK   ; Rise       ; DUT_FOR|CONT[0]|clk                    ;
; 0.500  ; 0.500        ; 0.000          ; High Pulse Width ; CLK   ; Rise       ; DUT_FOR|CONT[1]|clk                    ;
; 0.500  ; 0.500        ; 0.000          ; Low Pulse Width  ; CLK   ; Rise       ; DUT_FOR|CONT[1]|clk                    ;
; 0.500  ; 0.500        ; 0.000          ; High Pulse Width ; CLK   ; Rise       ; DUT_FOR|CONT[2]|clk                    ;
; 0.500  ; 0.500        ; 0.000          ; Low Pulse Width  ; CLK   ; Rise       ; DUT_FOR|CONT[2]|clk                    ;
; 0.500  ; 0.500        ; 0.000          ; High Pulse Width ; CLK   ; Rise       ; DUT_IF_THEN|CONT[0]|clk                ;
; 0.500  ; 0.500        ; 0.000          ; Low Pulse Width  ; CLK   ; Rise       ; DUT_IF_THEN|CONT[0]|clk                ;
; 0.500  ; 0.500        ; 0.000          ; High Pulse Width ; CLK   ; Rise       ; DUT_IF_THEN|CONT[1]|clk                ;
; 0.500  ; 0.500        ; 0.000          ; Low Pulse Width  ; CLK   ; Rise       ; DUT_IF_THEN|CONT[1]|clk                ;
; 0.500  ; 0.500        ; 0.000          ; High Pulse Width ; CLK   ; Rise       ; DUT_IF_THEN|CONT[2]|clk                ;
; 0.500  ; 0.500        ; 0.000          ; Low Pulse Width  ; CLK   ; Rise       ; DUT_IF_THEN|CONT[2]|clk                ;
; 0.500  ; 0.500        ; 0.000          ; High Pulse Width ; CLK   ; Rise       ; DUT_WHILE|CONT[0]|clk                  ;
; 0.500  ; 0.500        ; 0.000          ; Low Pulse Width  ; CLK   ; Rise       ; DUT_WHILE|CONT[0]|clk                  ;
; 0.500  ; 0.500        ; 0.000          ; High Pulse Width ; CLK   ; Rise       ; DUT_WHILE|CONT[1]|clk                  ;
; 0.500  ; 0.500        ; 0.000          ; Low Pulse Width  ; CLK   ; Rise       ; DUT_WHILE|CONT[1]|clk                  ;
; 0.500  ; 0.500        ; 0.000          ; High Pulse Width ; CLK   ; Rise       ; DUT_WHILE|CONT[2]|clk                  ;
; 0.500  ; 0.500        ; 0.000          ; Low Pulse Width  ; CLK   ; Rise       ; DUT_WHILE|CONT[2]|clk                  ;
+--------+--------------+----------------+------------------+-------+------------+----------------------------------------+


+-----------------------------------------------------------------------+
; Setup Times                                                           ;
+-----------+------------+-------+-------+------------+-----------------+
; Data Port ; Clock Port ; Rise  ; Fall  ; Clock Edge ; Clock Reference ;
+-----------+------------+-------+-------+------------+-----------------+
; INP[*]    ; CLK        ; 3.991 ; 3.991 ; Rise       ; CLK             ;
;  INP[0]   ; CLK        ; 1.097 ; 1.097 ; Rise       ; CLK             ;
;  INP[1]   ; CLK        ; 0.994 ; 0.994 ; Rise       ; CLK             ;
;  INP[2]   ; CLK        ; 3.991 ; 3.991 ; Rise       ; CLK             ;
;  INP[3]   ; CLK        ; 3.317 ; 3.317 ; Rise       ; CLK             ;
+-----------+------------+-------+-------+------------+-----------------+


+-------------------------------------------------------------------------+
; Hold Times                                                              ;
+-----------+------------+--------+--------+------------+-----------------+
; Data Port ; Clock Port ; Rise   ; Fall   ; Clock Edge ; Clock Reference ;
+-----------+------------+--------+--------+------------+-----------------+
; INP[*]    ; CLK        ; -0.305 ; -0.305 ; Rise       ; CLK             ;
;  INP[0]   ; CLK        ; -0.401 ; -0.401 ; Rise       ; CLK             ;
;  INP[1]   ; CLK        ; -0.305 ; -0.305 ; Rise       ; CLK             ;
;  INP[2]   ; CLK        ; -3.328 ; -3.328 ; Rise       ; CLK             ;
;  INP[3]   ; CLK        ; -2.643 ; -2.643 ; Rise       ; CLK             ;
+-----------+------------+--------+--------+------------+-----------------+


+------------------------------------------------------------------------------+
; Clock to Output Times                                                        ;
+------------------+------------+-------+-------+------------+-----------------+
; Data Port        ; Clock Port ; Rise  ; Fall  ; Clock Edge ; Clock Reference ;
+------------------+------------+-------+-------+------------+-----------------+
; Q_CASE_WHEN[*]   ; CLK        ; 6.389 ; 6.389 ; Rise       ; CLK             ;
;  Q_CASE_WHEN[0]  ; CLK        ; 6.323 ; 6.323 ; Rise       ; CLK             ;
;  Q_CASE_WHEN[1]  ; CLK        ; 6.389 ; 6.389 ; Rise       ; CLK             ;
;  Q_CASE_WHEN[2]  ; CLK        ; 6.386 ; 6.386 ; Rise       ; CLK             ;
; Q_DIRECT_SUM[*]  ; CLK        ; 6.382 ; 6.382 ; Rise       ; CLK             ;
;  Q_DIRECT_SUM[0] ; CLK        ; 6.226 ; 6.226 ; Rise       ; CLK             ;
;  Q_DIRECT_SUM[1] ; CLK        ; 6.323 ; 6.323 ; Rise       ; CLK             ;
;  Q_DIRECT_SUM[2] ; CLK        ; 6.382 ; 6.382 ; Rise       ; CLK             ;
; Q_FOR[*]         ; CLK        ; 6.618 ; 6.618 ; Rise       ; CLK             ;
;  Q_FOR[0]        ; CLK        ; 6.387 ; 6.387 ; Rise       ; CLK             ;
;  Q_FOR[1]        ; CLK        ; 6.228 ; 6.228 ; Rise       ; CLK             ;
;  Q_FOR[2]        ; CLK        ; 6.618 ; 6.618 ; Rise       ; CLK             ;
; Q_IF_THEN[*]     ; CLK        ; 6.385 ; 6.385 ; Rise       ; CLK             ;
;  Q_IF_THEN[0]    ; CLK        ; 6.305 ; 6.305 ; Rise       ; CLK             ;
;  Q_IF_THEN[1]    ; CLK        ; 6.092 ; 6.092 ; Rise       ; CLK             ;
;  Q_IF_THEN[2]    ; CLK        ; 6.385 ; 6.385 ; Rise       ; CLK             ;
; Q_WHILE[*]       ; CLK        ; 6.624 ; 6.624 ; Rise       ; CLK             ;
;  Q_WHILE[0]      ; CLK        ; 6.391 ; 6.391 ; Rise       ; CLK             ;
;  Q_WHILE[1]      ; CLK        ; 6.621 ; 6.621 ; Rise       ; CLK             ;
;  Q_WHILE[2]      ; CLK        ; 6.624 ; 6.624 ; Rise       ; CLK             ;
+------------------+------------+-------+-------+------------+-----------------+


+------------------------------------------------------------------------------+
; Minimum Clock to Output Times                                                ;
+------------------+------------+-------+-------+------------+-----------------+
; Data Port        ; Clock Port ; Rise  ; Fall  ; Clock Edge ; Clock Reference ;
+------------------+------------+-------+-------+------------+-----------------+
; Q_CASE_WHEN[*]   ; CLK        ; 6.323 ; 6.323 ; Rise       ; CLK             ;
;  Q_CASE_WHEN[0]  ; CLK        ; 6.323 ; 6.323 ; Rise       ; CLK             ;
;  Q_CASE_WHEN[1]  ; CLK        ; 6.389 ; 6.389 ; Rise       ; CLK             ;
;  Q_CASE_WHEN[2]  ; CLK        ; 6.386 ; 6.386 ; Rise       ; CLK             ;
; Q_DIRECT_SUM[*]  ; CLK        ; 6.226 ; 6.226 ; Rise       ; CLK             ;
;  Q_DIRECT_SUM[0] ; CLK        ; 6.226 ; 6.226 ; Rise       ; CLK             ;
;  Q_DIRECT_SUM[1] ; CLK        ; 6.323 ; 6.323 ; Rise       ; CLK             ;
;  Q_DIRECT_SUM[2] ; CLK        ; 6.382 ; 6.382 ; Rise       ; CLK             ;
; Q_FOR[*]         ; CLK        ; 6.228 ; 6.228 ; Rise       ; CLK             ;
;  Q_FOR[0]        ; CLK        ; 6.387 ; 6.387 ; Rise       ; CLK             ;
;  Q_FOR[1]        ; CLK        ; 6.228 ; 6.228 ; Rise       ; CLK             ;
;  Q_FOR[2]        ; CLK        ; 6.618 ; 6.618 ; Rise       ; CLK             ;
; Q_IF_THEN[*]     ; CLK        ; 6.092 ; 6.092 ; Rise       ; CLK             ;
;  Q_IF_THEN[0]    ; CLK        ; 6.305 ; 6.305 ; Rise       ; CLK             ;
;  Q_IF_THEN[1]    ; CLK        ; 6.092 ; 6.092 ; Rise       ; CLK             ;
;  Q_IF_THEN[2]    ; CLK        ; 6.385 ; 6.385 ; Rise       ; CLK             ;
; Q_WHILE[*]       ; CLK        ; 6.391 ; 6.391 ; Rise       ; CLK             ;
;  Q_WHILE[0]      ; CLK        ; 6.391 ; 6.391 ; Rise       ; CLK             ;
;  Q_WHILE[1]      ; CLK        ; 6.621 ; 6.621 ; Rise       ; CLK             ;
;  Q_WHILE[2]      ; CLK        ; 6.624 ; 6.624 ; Rise       ; CLK             ;
+------------------+------------+-------+-------+------------+-----------------+


----------------------------
; Fast Model Setup Summary ;
----------------------------
No paths to report.


---------------------------
; Fast Model Hold Summary ;
---------------------------
No paths to report.


-------------------------------
; Fast Model Recovery Summary ;
-------------------------------
No paths to report.


------------------------------
; Fast Model Removal Summary ;
------------------------------
No paths to report.


+----------------------------------------+
; Fast Model Minimum Pulse Width Summary ;
+-------+--------+-----------------------+
; Clock ; Slack  ; End Point TNS         ;
+-------+--------+-----------------------+
; CLK   ; -1.380 ; -16.380               ;
+-------+--------+-----------------------+


+-------------------------------------------------------------------------------------------------------------------------+
; Fast Model Minimum Pulse Width: 'CLK'                                                                                   ;
+--------+--------------+----------------+------------------+-------+------------+----------------------------------------+
; Slack  ; Actual Width ; Required Width ; Type             ; Clock ; Clock Edge ; Target                                 ;
+--------+--------------+----------------+------------------+-------+------------+----------------------------------------+
; -1.380 ; 1.000        ; 2.380          ; Port Rate        ; CLK   ; Rise       ; CLK                                    ;
; -0.500 ; 0.500        ; 1.000          ; High Pulse Width ; CLK   ; Rise       ; cont_case_when:DUT_CASE_WHEN|CONT[0]   ;
; -0.500 ; 0.500        ; 1.000          ; Low Pulse Width  ; CLK   ; Rise       ; cont_case_when:DUT_CASE_WHEN|CONT[0]   ;
; -0.500 ; 0.500        ; 1.000          ; High Pulse Width ; CLK   ; Rise       ; cont_case_when:DUT_CASE_WHEN|CONT[1]   ;
; -0.500 ; 0.500        ; 1.000          ; Low Pulse Width  ; CLK   ; Rise       ; cont_case_when:DUT_CASE_WHEN|CONT[1]   ;
; -0.500 ; 0.500        ; 1.000          ; High Pulse Width ; CLK   ; Rise       ; cont_case_when:DUT_CASE_WHEN|CONT[2]   ;
; -0.500 ; 0.500        ; 1.000          ; Low Pulse Width  ; CLK   ; Rise       ; cont_case_when:DUT_CASE_WHEN|CONT[2]   ;
; -0.500 ; 0.500        ; 1.000          ; High Pulse Width ; CLK   ; Rise       ; cont_direct_sum:DUT_DIRECT_SUM|CONT[0] ;
; -0.500 ; 0.500        ; 1.000          ; Low Pulse Width  ; CLK   ; Rise       ; cont_direct_sum:DUT_DIRECT_SUM|CONT[0] ;
; -0.500 ; 0.500        ; 1.000          ; High Pulse Width ; CLK   ; Rise       ; cont_direct_sum:DUT_DIRECT_SUM|CONT[1] ;
; -0.500 ; 0.500        ; 1.000          ; Low Pulse Width  ; CLK   ; Rise       ; cont_direct_sum:DUT_DIRECT_SUM|CONT[1] ;
; -0.500 ; 0.500        ; 1.000          ; High Pulse Width ; CLK   ; Rise       ; cont_direct_sum:DUT_DIRECT_SUM|CONT[2] ;
; -0.500 ; 0.500        ; 1.000          ; Low Pulse Width  ; CLK   ; Rise       ; cont_direct_sum:DUT_DIRECT_SUM|CONT[2] ;
; -0.500 ; 0.500        ; 1.000          ; High Pulse Width ; CLK   ; Rise       ; cont_for:DUT_FOR|CONT[0]               ;
; -0.500 ; 0.500        ; 1.000          ; Low Pulse Width  ; CLK   ; Rise       ; cont_for:DUT_FOR|CONT[0]               ;
; -0.500 ; 0.500        ; 1.000          ; High Pulse Width ; CLK   ; Rise       ; cont_for:DUT_FOR|CONT[1]               ;
; -0.500 ; 0.500        ; 1.000          ; Low Pulse Width  ; CLK   ; Rise       ; cont_for:DUT_FOR|CONT[1]               ;
; -0.500 ; 0.500        ; 1.000          ; High Pulse Width ; CLK   ; Rise       ; cont_for:DUT_FOR|CONT[2]               ;
; -0.500 ; 0.500        ; 1.000          ; Low Pulse Width  ; CLK   ; Rise       ; cont_for:DUT_FOR|CONT[2]               ;
; -0.500 ; 0.500        ; 1.000          ; High Pulse Width ; CLK   ; Rise       ; cont_if_then:DUT_IF_THEN|CONT[0]       ;
; -0.500 ; 0.500        ; 1.000          ; Low Pulse Width  ; CLK   ; Rise       ; cont_if_then:DUT_IF_THEN|CONT[0]       ;
; -0.500 ; 0.500        ; 1.000          ; High Pulse Width ; CLK   ; Rise       ; cont_if_then:DUT_IF_THEN|CONT[1]       ;
; -0.500 ; 0.500        ; 1.000          ; Low Pulse Width  ; CLK   ; Rise       ; cont_if_then:DUT_IF_THEN|CONT[1]       ;
; -0.500 ; 0.500        ; 1.000          ; High Pulse Width ; CLK   ; Rise       ; cont_if_then:DUT_IF_THEN|CONT[2]       ;
; -0.500 ; 0.500        ; 1.000          ; Low Pulse Width  ; CLK   ; Rise       ; cont_if_then:DUT_IF_THEN|CONT[2]       ;
; -0.500 ; 0.500        ; 1.000          ; High Pulse Width ; CLK   ; Rise       ; cont_while:DUT_WHILE|CONT[0]           ;
; -0.500 ; 0.500        ; 1.000          ; Low Pulse Width  ; CLK   ; Rise       ; cont_while:DUT_WHILE|CONT[0]           ;
; -0.500 ; 0.500        ; 1.000          ; High Pulse Width ; CLK   ; Rise       ; cont_while:DUT_WHILE|CONT[1]           ;
; -0.500 ; 0.500        ; 1.000          ; Low Pulse Width  ; CLK   ; Rise       ; cont_while:DUT_WHILE|CONT[1]           ;
; -0.500 ; 0.500        ; 1.000          ; High Pulse Width ; CLK   ; Rise       ; cont_while:DUT_WHILE|CONT[2]           ;
; -0.500 ; 0.500        ; 1.000          ; Low Pulse Width  ; CLK   ; Rise       ; cont_while:DUT_WHILE|CONT[2]           ;
; 0.500  ; 0.500        ; 0.000          ; High Pulse Width ; CLK   ; Rise       ; CLK|combout                            ;
; 0.500  ; 0.500        ; 0.000          ; Low Pulse Width  ; CLK   ; Rise       ; CLK|combout                            ;
; 0.500  ; 0.500        ; 0.000          ; High Pulse Width ; CLK   ; Rise       ; CLK~clkctrl|inclk[0]                   ;
; 0.500  ; 0.500        ; 0.000          ; Low Pulse Width  ; CLK   ; Rise       ; CLK~clkctrl|inclk[0]                   ;
; 0.500  ; 0.500        ; 0.000          ; High Pulse Width ; CLK   ; Rise       ; CLK~clkctrl|outclk                     ;
; 0.500  ; 0.500        ; 0.000          ; Low Pulse Width  ; CLK   ; Rise       ; CLK~clkctrl|outclk                     ;
; 0.500  ; 0.500        ; 0.000          ; High Pulse Width ; CLK   ; Rise       ; DUT_CASE_WHEN|CONT[0]|clk              ;
; 0.500  ; 0.500        ; 0.000          ; Low Pulse Width  ; CLK   ; Rise       ; DUT_CASE_WHEN|CONT[0]|clk              ;
; 0.500  ; 0.500        ; 0.000          ; High Pulse Width ; CLK   ; Rise       ; DUT_CASE_WHEN|CONT[1]|clk              ;
; 0.500  ; 0.500        ; 0.000          ; Low Pulse Width  ; CLK   ; Rise       ; DUT_CASE_WHEN|CONT[1]|clk              ;
; 0.500  ; 0.500        ; 0.000          ; High Pulse Width ; CLK   ; Rise       ; DUT_CASE_WHEN|CONT[2]|clk              ;
; 0.500  ; 0.500        ; 0.000          ; Low Pulse Width  ; CLK   ; Rise       ; DUT_CASE_WHEN|CONT[2]|clk              ;
; 0.500  ; 0.500        ; 0.000          ; High Pulse Width ; CLK   ; Rise       ; DUT_DIRECT_SUM|CONT[0]|clk             ;
; 0.500  ; 0.500        ; 0.000          ; Low Pulse Width  ; CLK   ; Rise       ; DUT_DIRECT_SUM|CONT[0]|clk             ;
; 0.500  ; 0.500        ; 0.000          ; High Pulse Width ; CLK   ; Rise       ; DUT_DIRECT_SUM|CONT[1]|clk             ;
; 0.500  ; 0.500        ; 0.000          ; Low Pulse Width  ; CLK   ; Rise       ; DUT_DIRECT_SUM|CONT[1]|clk             ;
; 0.500  ; 0.500        ; 0.000          ; High Pulse Width ; CLK   ; Rise       ; DUT_DIRECT_SUM|CONT[2]|clk             ;
; 0.500  ; 0.500        ; 0.000          ; Low Pulse Width  ; CLK   ; Rise       ; DUT_DIRECT_SUM|CONT[2]|clk             ;
; 0.500  ; 0.500        ; 0.000          ; High Pulse Width ; CLK   ; Rise       ; DUT_FOR|CONT[0]|clk                    ;
; 0.500  ; 0.500        ; 0.000          ; Low Pulse Width  ; CLK   ; Rise       ; DUT_FOR|CONT[0]|clk                    ;
; 0.500  ; 0.500        ; 0.000          ; High Pulse Width ; CLK   ; Rise       ; DUT_FOR|CONT[1]|clk                    ;
; 0.500  ; 0.500        ; 0.000          ; Low Pulse Width  ; CLK   ; Rise       ; DUT_FOR|CONT[1]|clk                    ;
; 0.500  ; 0.500        ; 0.000          ; High Pulse Width ; CLK   ; Rise       ; DUT_FOR|CONT[2]|clk                    ;
; 0.500  ; 0.500        ; 0.000          ; Low Pulse Width  ; CLK   ; Rise       ; DUT_FOR|CONT[2]|clk                    ;
; 0.500  ; 0.500        ; 0.000          ; High Pulse Width ; CLK   ; Rise       ; DUT_IF_THEN|CONT[0]|clk                ;
; 0.500  ; 0.500        ; 0.000          ; Low Pulse Width  ; CLK   ; Rise       ; DUT_IF_THEN|CONT[0]|clk                ;
; 0.500  ; 0.500        ; 0.000          ; High Pulse Width ; CLK   ; Rise       ; DUT_IF_THEN|CONT[1]|clk                ;
; 0.500  ; 0.500        ; 0.000          ; Low Pulse Width  ; CLK   ; Rise       ; DUT_IF_THEN|CONT[1]|clk                ;
; 0.500  ; 0.500        ; 0.000          ; High Pulse Width ; CLK   ; Rise       ; DUT_IF_THEN|CONT[2]|clk                ;
; 0.500  ; 0.500        ; 0.000          ; Low Pulse Width  ; CLK   ; Rise       ; DUT_IF_THEN|CONT[2]|clk                ;
; 0.500  ; 0.500        ; 0.000          ; High Pulse Width ; CLK   ; Rise       ; DUT_WHILE|CONT[0]|clk                  ;
; 0.500  ; 0.500        ; 0.000          ; Low Pulse Width  ; CLK   ; Rise       ; DUT_WHILE|CONT[0]|clk                  ;
; 0.500  ; 0.500        ; 0.000          ; High Pulse Width ; CLK   ; Rise       ; DUT_WHILE|CONT[1]|clk                  ;
; 0.500  ; 0.500        ; 0.000          ; Low Pulse Width  ; CLK   ; Rise       ; DUT_WHILE|CONT[1]|clk                  ;
; 0.500  ; 0.500        ; 0.000          ; High Pulse Width ; CLK   ; Rise       ; DUT_WHILE|CONT[2]|clk                  ;
; 0.500  ; 0.500        ; 0.000          ; Low Pulse Width  ; CLK   ; Rise       ; DUT_WHILE|CONT[2]|clk                  ;
+--------+--------------+----------------+------------------+-------+------------+----------------------------------------+


+-----------------------------------------------------------------------+
; Setup Times                                                           ;
+-----------+------------+-------+-------+------------+-----------------+
; Data Port ; Clock Port ; Rise  ; Fall  ; Clock Edge ; Clock Reference ;
+-----------+------------+-------+-------+------------+-----------------+
; INP[*]    ; CLK        ; 2.103 ; 2.103 ; Rise       ; CLK             ;
;  INP[0]   ; CLK        ; 0.204 ; 0.204 ; Rise       ; CLK             ;
;  INP[1]   ; CLK        ; 0.131 ; 0.131 ; Rise       ; CLK             ;
;  INP[2]   ; CLK        ; 2.103 ; 2.103 ; Rise       ; CLK             ;
;  INP[3]   ; CLK        ; 1.805 ; 1.805 ; Rise       ; CLK             ;
+-----------+------------+-------+-------+------------+-----------------+


+-------------------------------------------------------------------------+
; Hold Times                                                              ;
+-----------+------------+--------+--------+------------+-----------------+
; Data Port ; Clock Port ; Rise   ; Fall   ; Clock Edge ; Clock Reference ;
+-----------+------------+--------+--------+------------+-----------------+
; INP[*]    ; CLK        ; 0.178  ; 0.178  ; Rise       ; CLK             ;
;  INP[0]   ; CLK        ; 0.114  ; 0.114  ; Rise       ; CLK             ;
;  INP[1]   ; CLK        ; 0.178  ; 0.178  ; Rise       ; CLK             ;
;  INP[2]   ; CLK        ; -1.774 ; -1.774 ; Rise       ; CLK             ;
;  INP[3]   ; CLK        ; -1.487 ; -1.487 ; Rise       ; CLK             ;
+-----------+------------+--------+--------+------------+-----------------+


+------------------------------------------------------------------------------+
; Clock to Output Times                                                        ;
+------------------+------------+-------+-------+------------+-----------------+
; Data Port        ; Clock Port ; Rise  ; Fall  ; Clock Edge ; Clock Reference ;
+------------------+------------+-------+-------+------------+-----------------+
; Q_CASE_WHEN[*]   ; CLK        ; 3.666 ; 3.666 ; Rise       ; CLK             ;
;  Q_CASE_WHEN[0]  ; CLK        ; 3.573 ; 3.573 ; Rise       ; CLK             ;
;  Q_CASE_WHEN[1]  ; CLK        ; 3.666 ; 3.666 ; Rise       ; CLK             ;
;  Q_CASE_WHEN[2]  ; CLK        ; 3.665 ; 3.665 ; Rise       ; CLK             ;
; Q_DIRECT_SUM[*]  ; CLK        ; 3.619 ; 3.619 ; Rise       ; CLK             ;
;  Q_DIRECT_SUM[0] ; CLK        ; 3.583 ; 3.583 ; Rise       ; CLK             ;
;  Q_DIRECT_SUM[1] ; CLK        ; 3.571 ; 3.571 ; Rise       ; CLK             ;
;  Q_DIRECT_SUM[2] ; CLK        ; 3.619 ; 3.619 ; Rise       ; CLK             ;
; Q_FOR[*]         ; CLK        ; 3.775 ; 3.775 ; Rise       ; CLK             ;
;  Q_FOR[0]        ; CLK        ; 3.665 ; 3.665 ; Rise       ; CLK             ;
;  Q_FOR[1]        ; CLK        ; 3.584 ; 3.584 ; Rise       ; CLK             ;
;  Q_FOR[2]        ; CLK        ; 3.775 ; 3.775 ; Rise       ; CLK             ;
; Q_IF_THEN[*]     ; CLK        ; 3.621 ; 3.621 ; Rise       ; CLK             ;
;  Q_IF_THEN[0]    ; CLK        ; 3.563 ; 3.563 ; Rise       ; CLK             ;
;  Q_IF_THEN[1]    ; CLK        ; 3.484 ; 3.484 ; Rise       ; CLK             ;
;  Q_IF_THEN[2]    ; CLK        ; 3.621 ; 3.621 ; Rise       ; CLK             ;
; Q_WHILE[*]       ; CLK        ; 3.782 ; 3.782 ; Rise       ; CLK             ;
;  Q_WHILE[0]      ; CLK        ; 3.667 ; 3.667 ; Rise       ; CLK             ;
;  Q_WHILE[1]      ; CLK        ; 3.780 ; 3.780 ; Rise       ; CLK             ;
;  Q_WHILE[2]      ; CLK        ; 3.782 ; 3.782 ; Rise       ; CLK             ;
+------------------+------------+-------+-------+------------+-----------------+


+------------------------------------------------------------------------------+
; Minimum Clock to Output Times                                                ;
+------------------+------------+-------+-------+------------+-----------------+
; Data Port        ; Clock Port ; Rise  ; Fall  ; Clock Edge ; Clock Reference ;
+------------------+------------+-------+-------+------------+-----------------+
; Q_CASE_WHEN[*]   ; CLK        ; 3.573 ; 3.573 ; Rise       ; CLK             ;
;  Q_CASE_WHEN[0]  ; CLK        ; 3.573 ; 3.573 ; Rise       ; CLK             ;
;  Q_CASE_WHEN[1]  ; CLK        ; 3.666 ; 3.666 ; Rise       ; CLK             ;
;  Q_CASE_WHEN[2]  ; CLK        ; 3.665 ; 3.665 ; Rise       ; CLK             ;
; Q_DIRECT_SUM[*]  ; CLK        ; 3.571 ; 3.571 ; Rise       ; CLK             ;
;  Q_DIRECT_SUM[0] ; CLK        ; 3.583 ; 3.583 ; Rise       ; CLK             ;
;  Q_DIRECT_SUM[1] ; CLK        ; 3.571 ; 3.571 ; Rise       ; CLK             ;
;  Q_DIRECT_SUM[2] ; CLK        ; 3.619 ; 3.619 ; Rise       ; CLK             ;
; Q_FOR[*]         ; CLK        ; 3.584 ; 3.584 ; Rise       ; CLK             ;
;  Q_FOR[0]        ; CLK        ; 3.665 ; 3.665 ; Rise       ; CLK             ;
;  Q_FOR[1]        ; CLK        ; 3.584 ; 3.584 ; Rise       ; CLK             ;
;  Q_FOR[2]        ; CLK        ; 3.775 ; 3.775 ; Rise       ; CLK             ;
; Q_IF_THEN[*]     ; CLK        ; 3.484 ; 3.484 ; Rise       ; CLK             ;
;  Q_IF_THEN[0]    ; CLK        ; 3.563 ; 3.563 ; Rise       ; CLK             ;
;  Q_IF_THEN[1]    ; CLK        ; 3.484 ; 3.484 ; Rise       ; CLK             ;
;  Q_IF_THEN[2]    ; CLK        ; 3.621 ; 3.621 ; Rise       ; CLK             ;
; Q_WHILE[*]       ; CLK        ; 3.667 ; 3.667 ; Rise       ; CLK             ;
;  Q_WHILE[0]      ; CLK        ; 3.667 ; 3.667 ; Rise       ; CLK             ;
;  Q_WHILE[1]      ; CLK        ; 3.780 ; 3.780 ; Rise       ; CLK             ;
;  Q_WHILE[2]      ; CLK        ; 3.782 ; 3.782 ; Rise       ; CLK             ;
+------------------+------------+-------+-------+------------+-----------------+


+----------------------------------------------------------------------------+
; Multicorner Timing Analysis Summary                                        ;
+------------------+-------+------+----------+---------+---------------------+
; Clock            ; Setup ; Hold ; Recovery ; Removal ; Minimum Pulse Width ;
+------------------+-------+------+----------+---------+---------------------+
; Worst-case Slack ; N/A   ; N/A  ; N/A      ; N/A     ; -1.380              ;
;  CLK             ; N/A   ; N/A  ; N/A      ; N/A     ; -1.380              ;
; Design-wide TNS  ; 0.0   ; 0.0  ; 0.0      ; 0.0     ; -16.38              ;
;  CLK             ; N/A   ; N/A  ; N/A      ; N/A     ; -16.380             ;
+------------------+-------+------+----------+---------+---------------------+


+-----------------------------------------------------------------------+
; Setup Times                                                           ;
+-----------+------------+-------+-------+------------+-----------------+
; Data Port ; Clock Port ; Rise  ; Fall  ; Clock Edge ; Clock Reference ;
+-----------+------------+-------+-------+------------+-----------------+
; INP[*]    ; CLK        ; 3.991 ; 3.991 ; Rise       ; CLK             ;
;  INP[0]   ; CLK        ; 1.097 ; 1.097 ; Rise       ; CLK             ;
;  INP[1]   ; CLK        ; 0.994 ; 0.994 ; Rise       ; CLK             ;
;  INP[2]   ; CLK        ; 3.991 ; 3.991 ; Rise       ; CLK             ;
;  INP[3]   ; CLK        ; 3.317 ; 3.317 ; Rise       ; CLK             ;
+-----------+------------+-------+-------+------------+-----------------+


+-------------------------------------------------------------------------+
; Hold Times                                                              ;
+-----------+------------+--------+--------+------------+-----------------+
; Data Port ; Clock Port ; Rise   ; Fall   ; Clock Edge ; Clock Reference ;
+-----------+------------+--------+--------+------------+-----------------+
; INP[*]    ; CLK        ; 0.178  ; 0.178  ; Rise       ; CLK             ;
;  INP[0]   ; CLK        ; 0.114  ; 0.114  ; Rise       ; CLK             ;
;  INP[1]   ; CLK        ; 0.178  ; 0.178  ; Rise       ; CLK             ;
;  INP[2]   ; CLK        ; -1.774 ; -1.774 ; Rise       ; CLK             ;
;  INP[3]   ; CLK        ; -1.487 ; -1.487 ; Rise       ; CLK             ;
+-----------+------------+--------+--------+------------+-----------------+


+------------------------------------------------------------------------------+
; Clock to Output Times                                                        ;
+------------------+------------+-------+-------+------------+-----------------+
; Data Port        ; Clock Port ; Rise  ; Fall  ; Clock Edge ; Clock Reference ;
+------------------+------------+-------+-------+------------+-----------------+
; Q_CASE_WHEN[*]   ; CLK        ; 6.389 ; 6.389 ; Rise       ; CLK             ;
;  Q_CASE_WHEN[0]  ; CLK        ; 6.323 ; 6.323 ; Rise       ; CLK             ;
;  Q_CASE_WHEN[1]  ; CLK        ; 6.389 ; 6.389 ; Rise       ; CLK             ;
;  Q_CASE_WHEN[2]  ; CLK        ; 6.386 ; 6.386 ; Rise       ; CLK             ;
; Q_DIRECT_SUM[*]  ; CLK        ; 6.382 ; 6.382 ; Rise       ; CLK             ;
;  Q_DIRECT_SUM[0] ; CLK        ; 6.226 ; 6.226 ; Rise       ; CLK             ;
;  Q_DIRECT_SUM[1] ; CLK        ; 6.323 ; 6.323 ; Rise       ; CLK             ;
;  Q_DIRECT_SUM[2] ; CLK        ; 6.382 ; 6.382 ; Rise       ; CLK             ;
; Q_FOR[*]         ; CLK        ; 6.618 ; 6.618 ; Rise       ; CLK             ;
;  Q_FOR[0]        ; CLK        ; 6.387 ; 6.387 ; Rise       ; CLK             ;
;  Q_FOR[1]        ; CLK        ; 6.228 ; 6.228 ; Rise       ; CLK             ;
;  Q_FOR[2]        ; CLK        ; 6.618 ; 6.618 ; Rise       ; CLK             ;
; Q_IF_THEN[*]     ; CLK        ; 6.385 ; 6.385 ; Rise       ; CLK             ;
;  Q_IF_THEN[0]    ; CLK        ; 6.305 ; 6.305 ; Rise       ; CLK             ;
;  Q_IF_THEN[1]    ; CLK        ; 6.092 ; 6.092 ; Rise       ; CLK             ;
;  Q_IF_THEN[2]    ; CLK        ; 6.385 ; 6.385 ; Rise       ; CLK             ;
; Q_WHILE[*]       ; CLK        ; 6.624 ; 6.624 ; Rise       ; CLK             ;
;  Q_WHILE[0]      ; CLK        ; 6.391 ; 6.391 ; Rise       ; CLK             ;
;  Q_WHILE[1]      ; CLK        ; 6.621 ; 6.621 ; Rise       ; CLK             ;
;  Q_WHILE[2]      ; CLK        ; 6.624 ; 6.624 ; Rise       ; CLK             ;
+------------------+------------+-------+-------+------------+-----------------+


+------------------------------------------------------------------------------+
; Minimum Clock to Output Times                                                ;
+------------------+------------+-------+-------+------------+-----------------+
; Data Port        ; Clock Port ; Rise  ; Fall  ; Clock Edge ; Clock Reference ;
+------------------+------------+-------+-------+------------+-----------------+
; Q_CASE_WHEN[*]   ; CLK        ; 3.573 ; 3.573 ; Rise       ; CLK             ;
;  Q_CASE_WHEN[0]  ; CLK        ; 3.573 ; 3.573 ; Rise       ; CLK             ;
;  Q_CASE_WHEN[1]  ; CLK        ; 3.666 ; 3.666 ; Rise       ; CLK             ;
;  Q_CASE_WHEN[2]  ; CLK        ; 3.665 ; 3.665 ; Rise       ; CLK             ;
; Q_DIRECT_SUM[*]  ; CLK        ; 3.571 ; 3.571 ; Rise       ; CLK             ;
;  Q_DIRECT_SUM[0] ; CLK        ; 3.583 ; 3.583 ; Rise       ; CLK             ;
;  Q_DIRECT_SUM[1] ; CLK        ; 3.571 ; 3.571 ; Rise       ; CLK             ;
;  Q_DIRECT_SUM[2] ; CLK        ; 3.619 ; 3.619 ; Rise       ; CLK             ;
; Q_FOR[*]         ; CLK        ; 3.584 ; 3.584 ; Rise       ; CLK             ;
;  Q_FOR[0]        ; CLK        ; 3.665 ; 3.665 ; Rise       ; CLK             ;
;  Q_FOR[1]        ; CLK        ; 3.584 ; 3.584 ; Rise       ; CLK             ;
;  Q_FOR[2]        ; CLK        ; 3.775 ; 3.775 ; Rise       ; CLK             ;
; Q_IF_THEN[*]     ; CLK        ; 3.484 ; 3.484 ; Rise       ; CLK             ;
;  Q_IF_THEN[0]    ; CLK        ; 3.563 ; 3.563 ; Rise       ; CLK             ;
;  Q_IF_THEN[1]    ; CLK        ; 3.484 ; 3.484 ; Rise       ; CLK             ;
;  Q_IF_THEN[2]    ; CLK        ; 3.621 ; 3.621 ; Rise       ; CLK             ;
; Q_WHILE[*]       ; CLK        ; 3.667 ; 3.667 ; Rise       ; CLK             ;
;  Q_WHILE[0]      ; CLK        ; 3.667 ; 3.667 ; Rise       ; CLK             ;
;  Q_WHILE[1]      ; CLK        ; 3.780 ; 3.780 ; Rise       ; CLK             ;
;  Q_WHILE[2]      ; CLK        ; 3.782 ; 3.782 ; Rise       ; CLK             ;
+------------------+------------+-------+-------+------------+-----------------+


-------------------
; Clock Transfers ;
-------------------
Nothing to report.


---------------
; Report TCCS ;
---------------
No dedicated SERDES Transmitter circuitry present in device or used in design


---------------
; Report RSKM ;
---------------
No dedicated SERDES Receiver circuitry present in device or used in design


+------------------------------------------------+
; Unconstrained Paths                            ;
+---------------------------------+-------+------+
; Property                        ; Setup ; Hold ;
+---------------------------------+-------+------+
; Illegal Clocks                  ; 0     ; 0    ;
; Unconstrained Clocks            ; 0     ; 0    ;
; Unconstrained Input Ports       ; 4     ; 4    ;
; Unconstrained Input Port Paths  ; 60    ; 60   ;
; Unconstrained Output Ports      ; 15    ; 15   ;
; Unconstrained Output Port Paths ; 15    ; 15   ;
+---------------------------------+-------+------+


+------------------------------------+
; TimeQuest Timing Analyzer Messages ;
+------------------------------------+
Info: *******************************************************************
Info: Running Quartus II 64-Bit TimeQuest Timing Analyzer
    Info: Version 13.0.1 Build 232 06/12/2013 Service Pack 1 SJ Web Edition
    Info: Processing started: Fri Nov 22 00:13:37 2024
Info: Command: quartus_sta signals_and_variables -c cont_4
Info: qsta_default_script.tcl version: #1
Warning (20028): Parallel compilation is not licensed and has been disabled
Info (21077): Low junction temperature is 0 degrees C
Info (21077): High junction temperature is 85 degrees C
Critical Warning (332012): Synopsys Design Constraints File file not found: 'cont_4.sdc'. A Synopsys Design Constraints File is required by the TimeQuest Timing Analyzer to get proper timing constraints. Without it, the Compiler will not properly optimize the design.
Info (332142): No user constrained base clocks found in the design. Calling "derive_clocks -period 1.0"
Info (332105): Deriving Clocks
    Info (332105): create_clock -period 1.000 -name CLK CLK
Info: Found TIMEQUEST_REPORT_SCRIPT_INCLUDE_DEFAULT_ANALYSIS = ON
Info: Analyzing Slow Model
Info (332140): No fmax paths to report
Info (332140): No Setup paths to report
Info (332140): No Hold paths to report
Info (332140): No Recovery paths to report
Info (332140): No Removal paths to report
Critical Warning (332148): Timing requirements not met
Info (332146): Worst-case minimum pulse width slack is -1.380
    Info (332119):     Slack End Point TNS Clock 
    Info (332119): ========= ============= =====================
    Info (332119):    -1.380       -16.380 CLK 
Info (332001): The selected device family is not supported by the report_metastability command.
Info: Analyzing Fast Model
Info (332140): No Setup paths to report
Info (332140): No Hold paths to report
Info (332140): No Recovery paths to report
Info (332140): No Removal paths to report
Critical Warning (332148): Timing requirements not met
Info (332146): Worst-case minimum pulse width slack is -1.380
    Info (332119):     Slack End Point TNS Clock 
    Info (332119): ========= ============= =====================
    Info (332119):    -1.380       -16.380 CLK 
Info (332001): The selected device family is not supported by the report_metastability command.
Info (332102): Design is not fully constrained for setup requirements
Info (332102): Design is not fully constrained for hold requirements
Info: Quartus II 64-Bit TimeQuest Timing Analyzer was successful. 0 errors, 4 warnings
    Info: Peak virtual memory: 4541 megabytes
    Info: Processing ended: Fri Nov 22 00:13:38 2024
    Info: Elapsed time: 00:00:01
    Info: Total CPU time (on all processors): 00:00:00


